
> qa-portfolio@0.1.0 dev:cms
> concurrently -k -n web,cms "npm:dev" "npm:cms:proxy"

[web] 
[web] > qa-portfolio@0.1.0 dev
[web] > next dev
[web] 
[cms] 
[cms] > qa-portfolio@0.1.0 cms:proxy
[cms] > npx decap-server
[cms] 
[web] ⚠ Port 3000 is in use by process 25324, using available port 3001 instead.
[web] ▲ Next.js 16.2.1 (Turbopack)
[web] - Local:         http://localhost:3001
[web] - Network:       http://172.19.0.1:3001
[web] ✓ Ready in 437ms
[web] ⨯ Another next dev server is already running.
[web] 
[web] - Local:        http://localhost:3000
[web] - PID:          25324
[web] - Dir:          C:\Users\adida\Desktop\site
[web] - Log:          .next\dev\logs\next-development.log
[web] 
[web] Run taskkill /PID 25324 /F to stop it.
[web] [?25h
[web] npm run dev exited with code 1
--> Sending SIGTERM to other processes..
[cms] npm run cms:proxy exited with code 1
